tests/basics/inline-assertion.ts: 4 / 4 checks passed.
